source card applicability: {'all': [{'feature': 'task_kind', 'op': '==', 'value': 'forecast'}, {'feature': 'estimated_region_start_fraction', 'op': '==', 'value': 'medium'}]}
E0b card applicability   : {"all": [{"feature": "task_kind", "op": "==", "value": "forecast"}, {"feature": "estimated_region_start_fraction", "op": "==", "value": "very_low"}, {"feature": "post_shift_support_sufficient", "op": "==", "value": true}]}

task           proj_bin   pss    source_matches
  e1v2_task_01 zero       False           False
  e1v2_task_02 zero       False           False
  e1v2_task_03 zero       True            False
  e1v2_task_04 zero       False           False
  e1v2_task_05 zero       False           False
  e1v2_task_06 zero       False           False
  e1v2_task_07 zero       True            False
  e1v2_task_08 zero       False           False
  e1v2_task_09 zero       True            False
  e1v2_task_10 low        False           False
  e1v2_task_11 low        False           False
  e1v2_task_12 low        False           False
  e1v2_task_13 low        False           False
  e1v2_task_14 low        False           False
  e1v2_task_15 low        False           False
  e1v2_task_16 low        False           False
  e1v2_task_17 low        False           False
  e1v2_task_18 low        False           False
  e1v2_task_19 low        False           False

proj_bin distribution (N0=12): Counter({'zero': 9, 'low': 3})
source-card matches (N0=12) : 0 / 12
