=== e31 ===
  e1v2_task_03   legacy   +0.45155 (mod  33210)  corrected   -0.30643 (mod   7275)  delta   -0.75799
  e1v2_task_04   legacy   +1.48884 (mod  30510)  corrected   -0.85917 (mod   7275)  delta   -2.34800
  e1v2_task_05   legacy   +1.97228 (mod  30780)  corrected   +0.18963 (mod   7275)  delta   -1.78265
  e1v2_task_07   legacy   +1.47601 (mod  52110)  corrected   -0.33454 (mod   7275)  delta   -1.81055
  e1v2_task_08   legacy   +1.48969 (mod  48060)  corrected   -0.06130 (mod   7275)  delta   -1.55099
  e1v2_task_09   legacy   +1.60902 (mod  60900)  corrected   -0.56178 (mod   8070)  delta   -2.17080
  e1v2_task_10   legacy  -55.66857 (mod  68400)  corrected   -0.41647 (mod   8070)  delta  +55.25211
  e1v2_task_11   legacy   +1.69842 (mod  55800)  corrected   +0.25382 (mod   8070)  delta   -1.44460
  e1v2_task_12   legacy   +0.91356 (mod  53100)  corrected   +0.00334 (mod   8070)  delta   -0.91023
  e1v2_task_13   legacy   +0.00000 (mod  72000)  corrected   +0.95680 (mod   8070)  delta   +0.95680
  e1v2_task_14   legacy  -16.36677 (mod  70500)  corrected   +0.16134 (mod   8070)  delta  +16.52811
  e1v2_task_15   legacy   -2.94604 (mod  71700)  corrected   -0.31422 (mod   8070)  delta   +2.63182
  e1v2_task_16   legacy   -9.22740 (mod  71400)  corrected   +0.72012 (mod   8070)  delta   +9.94752

=== T233 ===
  e1v2_task_01   legacy   -0.10721 (mod  56880)  corrected   -0.06092 (mod   3039)  delta   +0.04628
  e1v2_task_02   legacy   -0.63820 (mod  54000)  corrected   -0.00385 (mod   3039)  delta   +0.63435
  e1v2_task_03   legacy   -1.09516 (mod  49920)  corrected   +0.16358 (mod   3039)  delta   +1.25875
  e1v2_task_07   legacy   -0.49818 (mod  57780)  corrected   -0.00058 (mod   3498)  delta   +0.49760
  e1v2_task_09   legacy   -1.11290 (mod  56700)  corrected   +0.02822 (mod   3498)  delta   +1.14112
  e1v2_task_10   legacy   +0.10848 (mod  70500)  corrected   +0.04314 (mod   3561)  delta   -0.06534
  e1v2_task_11   legacy   -0.01929 (mod  68400)  corrected   +0.00594 (mod   3561)  delta   +0.02523
  e1v2_task_12   legacy   -0.05975 (mod  65100)  corrected   -0.07122 (mod   3561)  delta   -0.01146
  e1v2_task_13   legacy   +0.24436 (mod  70200)  corrected   -0.19880 (mod   3561)  delta   -0.44317
  e1v2_task_14   legacy   -0.07157 (mod  67200)  corrected   -0.05576 (mod   3561)  delta   +0.01581
  e1v2_task_15   legacy   +0.01331 (mod  69900)  corrected   -0.08054 (mod   3561)  delta   -0.09385
  e1v2_task_16   legacy   +0.21142 (mod  71100)  corrected   -0.11396 (mod   3561)  delta   -0.32538
  e1v2_task_17   legacy   -0.04581 (mod  68400)  corrected   -0.24089 (mod   3561)  delta   -0.19508
  e1v2_task_18   legacy   +0.14524 (mod  63720)  corrected   +0.20093 (mod   3498)  delta   +0.05569
  e1v2_task_19   legacy   +0.09037 (mod  61560)  corrected   +0.00509 (mod   3498)  delta   -0.08528

=== Weather ===
  e1v2_task_01   legacy   +0.42564 (mod   9240)  corrected   +0.73793 (mod    174)  delta   +0.31229
  e1v2_task_02   legacy   -0.29384 (mod  24300)  corrected   +0.95972 (mod    597)  delta   +1.25356
  e1v2_task_03   legacy   -0.15759 (mod   5010)  corrected   +1.19609 (mod    174)  delta   +1.35368
  e1v2_task_04   legacy   +0.38161 (mod   5160)  corrected   +0.58209 (mod    174)  delta   +0.20048
  e1v2_task_05   legacy   +0.15797 (mod  16350)  corrected   +1.17813 (mod    597)  delta   +1.02016
  e1v2_task_06   legacy   -0.04768 (mod  14040)  corrected   +1.05454 (mod    597)  delta   +1.10222
  e1v2_task_07   legacy   +0.56182 (mod   3750)  corrected   +0.87040 (mod    174)  delta   +0.30857
  e1v2_task_08   legacy   +1.50554 (mod   3930)  corrected   +0.89575 (mod    174)  delta   -0.60979
  e1v2_task_09   legacy   -1.26656 (mod   4110)  corrected   +0.89071 (mod    174)  delta   +2.15727
  e1v2_task_10   legacy   -1.01463 (mod   4200)  corrected   +0.72629 (mod    174)  delta   +1.74091
  e1v2_task_11   legacy   -0.34109 (mod   4020)  corrected   +0.48581 (mod    174)  delta   +0.82690
  e1v2_task_12   legacy   +0.70240 (mod   4530)  corrected   +0.86570 (mod    174)  delta   +0.16330
  e1v2_task_13   legacy   -0.52080 (mod   4500)  corrected   +0.42058 (mod    174)  delta   +0.94138
  e1v2_task_14   legacy   +0.19151 (mod   4320)  corrected   +0.27362 (mod    174)  delta   +0.08211
  e1v2_task_15   legacy   +0.48586 (mod   4170)  corrected   +0.20831 (mod    174)  delta   -0.27755
  e1v2_task_16   legacy   +0.20893 (mod   3990)  corrected   +0.21152 (mod    174)  delta   +0.00259
  e1v2_task_17   legacy   +0.04981 (mod   3870)  corrected   +0.30537 (mod    174)  delta   +0.25555
  e1v2_task_18   legacy   -0.04078 (mod   3720)  corrected   +0.02580 (mod    174)  delta   +0.06658
  e1v2_task_19   legacy   +0.05651 (mod   3600)  corrected   +0.01930 (mod    174)  delta   -0.03721

================ SUMMARY ================

e31  n=13  instrument_errors=0
  material positive : legacy   8  corrected   5
  material harmful  : legacy   4  corrected   7
  corrected identity: 0
  corrected better  : 5 / 13
  delta macro_gain  : mean 5.580042247537057  median -0.9102265405330081

T233  n=15  instrument_errors=0
  material positive : legacy   6  corrected   6
  material harmful  : legacy   9  corrected   7
  corrected identity: 0
  corrected better  : 8 / 15
  delta macro_gain  : mean 0.1636840841423897  median 0.01580967413789775

Weather  n=19  instrument_errors=0
  material positive : legacy  11  corrected  19
  material harmful  : legacy   8  corrected   0
  corrected identity: 0
  corrected better  : 16 / 19
  delta macro_gain  : mean 0.5717370684438406  median 0.3085737926552351

recorded
