=== WEATHER ===
BINDING_AUDIT e1v2_task_01 rep=VPdef (mbar) contamination=0.853 median_iou=0.692 overlapping_windows=0 edits=64.2% of window
BINDING_AUDIT e1v2_task_02 rep=VPdef (mbar) contamination=0.873 median_iou=0.462 overlapping_windows=0 edits=67.5% of window
BINDING_AUDIT e1v2_task_03 rep=VPdef (mbar) contamination=0.868 median_iou=1.000 overlapping_windows=0 edits=69.6% of window
BINDING_AUDIT e1v2_task_04 rep=VPdef (mbar) contamination=0.773 median_iou=1.000 overlapping_windows=0 edits=71.7% of window
BINDING_AUDIT e1v2_task_05 rep=VPdef (mbar) contamination=0.897 median_iou=0.541 overlapping_windows=0 edits=45.4% of window
BINDING_AUDIT e1v2_task_06 rep=VPdef (mbar) contamination=0.904 median_iou=0.251 overlapping_windows=0 edits=48.8% of window
BINDING_AUDIT e1v2_task_07 rep=VPdef (mbar) contamination=0.915 median_iou=1.000 overlapping_windows=0 edits=52.1% of window
BINDING_AUDIT e1v2_task_08 rep=VPdef (mbar) contamination=0.924 median_iou=1.000 overlapping_windows=0 edits=54.6% of window
BINDING_AUDIT e1v2_task_09 rep=VPdef (mbar) contamination=0.926 median_iou=1.000 overlapping_windows=0 edits=57.1% of window
BINDING_AUDIT e1v2_task_10 rep=VPdef (mbar) contamination=0.928 median_iou=1.000 overlapping_windows=0 edits=58.3% of window
BINDING_AUDIT e1v2_task_11 rep=VPdef (mbar) contamination=0.925 median_iou=1.000 overlapping_windows=0 edits=55.8% of window
BINDING_AUDIT e1v2_task_12 rep=VPdef (mbar) contamination=0.929 median_iou=1.000 overlapping_windows=0 edits=62.9% of window

=== T233 (KDD) ===
BINDING_AUDIT e1v2_task_01 rep=T234 contamination=0.861 median_iou=0.689 overlapping_windows=10 edits=98.8% of window
BINDING_AUDIT e1v2_task_02 rep=T234 contamination=0.869 median_iou=0.925 overlapping_windows=10 edits=93.8% of window
BINDING_AUDIT e1v2_task_03 rep=T234 contamination=0.872 median_iou=0.887 overlapping_windows=10 edits=86.7% of window
BINDING_AUDIT e1v2_task_04 rep=T234 contamination=0.884 median_iou=0.831 overlapping_windows=10 edits=93.8% of window
BINDING_AUDIT e1v2_task_05 rep=T234 contamination=0.884 median_iou=0.912 overlapping_windows=10 edits=97.9% of window
BINDING_AUDIT e1v2_task_06 rep=T234 contamination=0.884 median_iou=0.912 overlapping_windows=10 edits=91.7% of window
BINDING_AUDIT e1v2_task_07 rep=T234 contamination=0.894 median_iou=0.871 overlapping_windows=10 edits=89.2% of window
BINDING_AUDIT e1v2_task_08 rep=T234 contamination=0.906 median_iou=0.845 overlapping_windows=10 edits=92.5% of window
BINDING_AUDIT e1v2_task_09 rep=T234 contamination=0.915 median_iou=0.845 overlapping_windows=10 edits=87.5% of window
BINDING_AUDIT e1v2_task_10 rep=T256 contamination=0.887 median_iou=0.718 overlapping_windows=10 edits=97.9% of window
BINDING_AUDIT e1v2_task_11 rep=T256 contamination=0.891 median_iou=0.708 overlapping_windows=10 edits=95.0% of window
BINDING_AUDIT e1v2_task_12 rep=T256 contamination=0.893 median_iou=0.812 overlapping_windows=10 edits=90.4% of window

--- weather summary (n=12) ---
   A_mean_contamination_fraction                        0.8928900639243346
   A_tasks_applying_offset_to_non_level_region          12
   B_mean_median_region_iou                             0.8288341631205164
   B_tasks_with_any_member_below_half_iou               4
   C_tasks_with_zero_overlapping_training_window        12
   C_mean_edited_share_of_window                        0.5899305555555555

--- kdd_T233 summary (n=12) ---
   A_mean_contamination_fraction                        0.886527661032797
   A_tasks_applying_offset_to_non_level_region          12
   B_mean_median_region_iou                             0.829565826379573
   B_tasks_with_any_member_below_half_iou               12
   C_tasks_with_zero_overlapping_training_window        0
   C_mean_edited_share_of_window                        0.9291666666666666

recorded
