FROZEN COHORT
  train: ['T233', 'T234', 'T235', 'T236', 'T239', 'T240', 'T241', 'T244', 'T246', 'T247', 'T254', 'T256']
  eval : ['T257', 'T259', 'T260', 'T261', 'T262', 'T264', 'T265', 'T266']

FIX-1 eval substrate preflight: PASS = True | floor-hitting: []
  e1v2_task_01 valid=True  pss=False end=0.9856770833333334
  e1v2_task_02 valid=True  pss=False end=0.9375
  e1v2_task_03 valid=True  pss=True  end=0.8634868421052632
  e1v2_task_04 valid=True  pss=False end=0.9336890243902439
  e1v2_task_05 valid=True  pss=False end=0.9777462121212122
  e1v2_task_06 valid=True  pss=False end=0.9153368794326241
  e1v2_task_07 valid=True  pss=True  end=0.8891666666666667
  e1v2_task_08 valid=True  pss=False end=0.9245283018867925
  e1v2_task_09 valid=True  pss=True  end=0.875
  e1v2_task_10 valid=True  pss=False end=0.999117231638418
  e1v2_task_11 valid=True  pss=False end=0.9640456989247311
  e1v2_task_12 valid=True  pss=False end=0.919551282051282
  e1v2_task_13 valid=True  pss=False end=0.9909620098039216
  e1v2_task_14 valid=True  pss=False end=0.9490903755868545
  e1v2_task_15 valid=True  pss=False end=0.9849380630630631
  e1v2_task_16 valid=True  pss=False end=0.9971590909090909
  e1v2_task_17 valid=True  pss=False end=0.959765625
  e1v2_task_18 valid=True  pss=False end=0.9935993975903614
  e1v2_task_19 valid=True  pss=False end=0.9589389534883721

N0=12   valid=12 true=3 false=9
max_N=19 valid=19 true=3 false=16
VERDICT: COHORT_CONTEXT_CAPACITY_INSUFFICIENT
