WEATHER_CTX e1v2_task_01 valid=True post_shift_support_sufficient=False sig={'task_kind': 'forecast', 'estimated_region_start_fraction': 'high'}
WEATHER_CTX e1v2_task_02 valid=True post_shift_support_sufficient=False sig={'task_kind': 'forecast', 'estimated_region_start_fraction': 'high'}
WEATHER_CTX e1v2_task_03 valid=True post_shift_support_sufficient=False sig={'task_kind': 'forecast', 'estimated_region_start_fraction': 'high'}
WEATHER_CTX e1v2_task_04 valid=True post_shift_support_sufficient=False sig={'task_kind': 'forecast', 'estimated_region_start_fraction': 'high'}
WEATHER_CTX e1v2_task_05 valid=True post_shift_support_sufficient=False sig={'task_kind': 'forecast', 'estimated_region_start_fraction': 'high'}
WEATHER_CTX e1v2_task_06 valid=True post_shift_support_sufficient=False sig={'task_kind': 'forecast', 'estimated_region_start_fraction': 'high'}
WEATHER_CTX e1v2_task_07 valid=True post_shift_support_sufficient=False sig={'task_kind': 'forecast', 'estimated_region_start_fraction': 'high'}
WEATHER_CTX e1v2_task_08 valid=True post_shift_support_sufficient=False sig={'task_kind': 'forecast', 'estimated_region_start_fraction': 'high'}
WEATHER_CTX e1v2_task_09 valid=True post_shift_support_sufficient=False sig={'task_kind': 'forecast', 'estimated_region_start_fraction': 'high'}
WEATHER_CTX e1v2_task_10 valid=True post_shift_support_sufficient=False sig={'task_kind': 'forecast', 'estimated_region_start_fraction': 'high'}
WEATHER_CTX e1v2_task_11 valid=True post_shift_support_sufficient=False sig={'task_kind': 'forecast', 'estimated_region_start_fraction': 'high'}
WEATHER_CTX e1v2_task_12 valid=True post_shift_support_sufficient=False sig={'task_kind': 'forecast', 'estimated_region_start_fraction': 'high'}
WEATHER_CTX e1v2_task_13 valid=True post_shift_support_sufficient=False sig={'task_kind': 'forecast', 'estimated_region_start_fraction': 'high'}
WEATHER_CTX e1v2_task_14 valid=True post_shift_support_sufficient=False sig={'task_kind': 'forecast', 'estimated_region_start_fraction': 'high'}
WEATHER_CTX e1v2_task_15 valid=True post_shift_support_sufficient=False sig={'task_kind': 'forecast', 'estimated_region_start_fraction': 'high'}
WEATHER_CTX e1v2_task_16 valid=True post_shift_support_sufficient=True sig={'task_kind': 'forecast', 'estimated_region_start_fraction': 'high'}
WEATHER_CTX e1v2_task_17 valid=True post_shift_support_sufficient=True sig={'task_kind': 'forecast', 'estimated_region_start_fraction': 'high'}
WEATHER_CTX e1v2_task_18 valid=True post_shift_support_sufficient=True sig={'task_kind': 'forecast', 'estimated_region_start_fraction': 'high'}
WEATHER_CTX e1v2_task_19 valid=True post_shift_support_sufficient=True sig={'task_kind': 'forecast', 'estimated_region_start_fraction': 'high'}

VERDICT: WEATHER_FEASIBILITY_OK
cohort: 11 train / 8 eval | rejected: ['rain (mm)', 'raining (s)']
train preflight: False | eval preflight: False
N0: {'valid': 12, 'true': 0, 'false': 12} | max_N: {'valid': 19, 'true': 4, 'false': 15}
