== domain: nn5
== single-origin scan: 728
== gefcom: max_len=791 period=24 roster=20 pool=20
== pool: impute_linear, impute_fft, impute_ema, period_complete, period_median_complete, impute_ssm, impute_ar, denoise_savgol, denoise_wavelet, denoise_median, smooth_ma, denoise_stl, winsorize, outlier_iqr, outlier_mad, hampel_filter, stl_decompose, fft_decompose, smooth_ema, resample_uniform
== origin 728: single-op table ...
   single positive n=8: [('impute_ema', 0.02076), ('period_median_complete', 0.059), ('impute_ssm', 0.0136), ('impute_ar', 0.04298), ('winsorize', 0.08444), ('outlier_iqr', 0.10376), ('outlier_mad', 0.10314), ('hampel_filter', 0.03779)]
   single negative/conflict n=12
   cand: impute_linear->impute_ema support AB=0.0 A=0.0 B=0.02076 delayed AB=None dA=None dB=None
   cand: impute_linear->period_median_complete support AB=0.0 A=0.0 B=0.059 delayed AB=None dA=None dB=None
   cand: impute_linear->impute_ssm support AB=0.0 A=0.0 B=0.0136 delayed AB=None dA=None dB=None
   cand: impute_linear->impute_ar support AB=0.0 A=0.0 B=0.04298 delayed AB=None dA=None dB=None
   cand: impute_fft->impute_ema support AB=-0.02282 A=-0.02282 B=0.02076 delayed AB=None dA=None dB=None
   cand: impute_fft->period_median_complete support AB=-0.02282 A=-0.02282 B=0.059 delayed AB=None dA=None dB=None
   cand: impute_fft->impute_ssm support AB=-0.02282 A=-0.02282 B=0.0136 delayed AB=None dA=None dB=None
   cand: impute_fft->impute_ar support AB=-0.02282 A=-0.02282 B=0.04298 delayed AB=None dA=None dB=None
   cand: impute_ema->denoise_savgol support AB=-3.26364 A=0.02076 B=-3.44749 delayed AB=None dA=None dB=None
   cand: impute_ema->denoise_wavelet support AB=-1.652 A=0.02076 B=-1.7317 delayed AB=None dA=None dB=None
   cand: impute_ema->smooth_ma support AB=-0.97548 A=0.02076 B=-0.98483 delayed AB=None dA=None dB=None
   cand: impute_ema->denoise_stl support AB=-0.13972 A=0.02076 B=-0.37366 delayed AB=None dA=None dB=None
   cand: impute_ema->stl_decompose support AB=-0.13972 A=0.02076 B=-0.37366 delayed AB=None dA=None dB=None
   cand: impute_ema->fft_decompose support AB=-0.95416 A=0.02076 B=-0.97274 delayed AB=None dA=None dB=None
   cand: impute_ema->smooth_ema support AB=-1.16095 A=0.02076 B=-1.48124 delayed AB=None dA=None dB=None
   cand: period_complete->impute_ema support AB=0.0 A=0.0 B=0.02076 delayed AB=None dA=None dB=None
   cand: period_complete->period_median_complete support AB=0.0 A=0.0 B=0.059 delayed AB=None dA=None dB=None
   cand: period_complete->impute_ssm support AB=0.0 A=0.0 B=0.0136 delayed AB=None dA=None dB=None
   cand: period_complete->impute_ar support AB=0.0 A=0.0 B=0.04298 delayed AB=None dA=None dB=None
   cand: period_median_complete->denoise_savgol support AB=-2.73546 A=0.059 B=-3.44749 delayed AB=None dA=None dB=None
   cand: period_median_complete->denoise_wavelet support AB=-1.21118 A=0.059 B=-1.7317 delayed AB=None dA=None dB=None
   cand: period_median_complete->smooth_ma support AB=-0.60688 A=0.059 B=-0.98483 delayed AB=None dA=None dB=None
   cand: period_median_complete->denoise_stl support AB=-0.43535 A=0.059 B=-0.37366 delayed AB=None dA=None dB=None
