P1 Core baseline smoke — final scripted run
Date: 2026-08-30 Asia/Taipei
Environment: Windows Conda project, CPU, scripted backend, no live API

Command:
/mnt/d/Anaconda_envs/envs/project/python.exe -m evaluation.main_protocol_p1.run_p1 --backend scripted --expect-pass

Runner output:
{
  "verdict": "P1_CORE_BASELINE_SMOKE_PASS__P2_FORECAST_PILOT_RELEASED",
  "overall_p1_complete": true,
  "release_p2": true,
  "p2_complete": false,
  "blocking_failures": [],
  "output_json": "artifacts/main_protocol/p1_core_baseline_smoke_20260830.json",
  "output_md": "artifacts/main_protocol/p1_core_baseline_smoke_20260830.md"
}

Verification:
- Joint focused regression before final semantic cleanup: 56 passed in 138.01s.
- AD abstain-semantic and master-gate regression after cleanup: 26 passed in 48.96s.
- Three task components passed; 13 method contracts per task, 39 total.
- Natural Final outcome reads: 0.
- Development Query evaluations: 0.
- Live API calls: 0.
- P2 release scope: Forecast single-flow pilot only.
- AD method/Evolution gate: not released by P1.
- New integrity/fingerprint fields in the final report: 0.
